
> profile@0.1.0 build C:\Users\aniru\Desktop\b2of\profile
> next build ""

▲ Next.js 16.1.6 (Turbopack)
- Environments: .env

⚠ The "middleware" file convention is deprecated. Please use "proxy" instead. Learn more: https://nextjs.org/docs/messages/middleware-to-proxy
  Creating an optimized production build ...
✓ Compiled successfully in 2.3s
  Running TypeScript ...
  Collecting page data using 15 workers ...
  Generating static pages using 15 workers (0/10) ...
  Generating static pages using 15 workers (2/10) 
(node:26228) Warning: SECURITY WARNING: The SSL modes 'prefer', 'require', and 'verify-ca' are treated as aliases for 'verify-full'.
In the next major version (pg-connection-string v3.0.0 and pg v9.0.0), these modes will adopt standard libpq semantics, which have weaker security guarantees.

To prepare for this change:
- If you want the current behavior, explicitly use 'sslmode=verify-full'
- If you want libpq compatibility now, use 'uselibpqcompat=true&sslmode=require'

See https://www.postgresql.org/docs/current/libpq-ssl.html for libpq SSL mode definitions.
(Use `node --trace-warnings ...` to show where the warning was created)
  Generating static pages using 15 workers (4/10) 
  Generating static pages using 15 workers (7/10) 
✓ Generating static pages using 15 workers (10/10) in 2.5s
  Finalizing page optimization ...

Route (app)
┌ ƒ /
├ ƒ /_not-found
├ ƒ /admin/reviews
├ ƒ /admin/reviews/[id]
├ ƒ /auth/login
├ ƒ /auth/register
├ ƒ /courses
├ ƒ /courses/[id]
├ ƒ /dashboard
└ ƒ /dashboard/edit


ƒ Proxy (Middleware)

ƒ  (Dynamic)  server-rendered on demand

